[ 10%] Built target libssh2
[ 12%] Built target ssh
[ 13%] Built target server
[ 14%] Built target ssh_test
[ 15%] Automatic MOC and UIC for target qjson
[ 15%] Built target qjson_autogen
[ 18%] Built target qjson
[ 18%] Automatic MOC and UIC for target qscintilla
[ 18%] Built target qscintilla_autogen
[ 48%] Built target qscintilla
[ 49%] Built target gtest
[ 49%] Built target gmock
[ 50%] Built target gmock_main
[ 51%] Built target gtest_main
[ 52%] Automatic MOC and UIC for target robomongo
[ 52%] Built target robomongo_autogen
[ 97%] Built target robomongo
[100%] Built target robo_unit_tests
Installing the project stripped...
-- Install configuration: "Release"
-- Up-to-date: /Users/zafran/Applications/Gw/Iseng/roborobo/build/release/install/include
-- Up-to-date: /Users/zafran/Applications/Gw/Iseng/roborobo/build/release/install/include/gmock
-- Up-to-date: /Users/zafran/Applications/Gw/Iseng/roborobo/build/release/install/include/gmock/gmock-generated-actions.h.pump
-- Up-to-date: /Users/zafran/Applications/Gw/Iseng/roborobo/build/release/install/include/gmock/gmock-generated-function-mockers.h.pump
-- Up-to-date: /Users/zafran/Applications/Gw/Iseng/roborobo/build/release/install/include/gmock/gmock-matchers.h
-- Up-to-date: /Users/zafran/Applications/Gw/Iseng/roborobo/build/release/install/include/gmock/gmock-more-actions.h
-- Up-to-date: /Users/zafran/Applications/Gw/Iseng/roborobo/build/release/install/include/gmock/gmock-generated-matchers.h.pump
-- Up-to-date: /Users/zafran/Applications/Gw/Iseng/roborobo/build/release/install/include/gmock/gmock-generated-nice-strict.h.pump
-- Up-to-date: /Users/zafran/Applications/Gw/Iseng/roborobo/build/release/install/include/gmock/gmock-generated-actions.h
-- Up-to-date: /Users/zafran/Applications/Gw/Iseng/roborobo/build/release/install/include/gmock/gmock-generated-matchers.h
-- Up-to-date: /Users/zafran/Applications/Gw/Iseng/roborobo/build/release/install/include/gmock/gmock-generated-nice-strict.h
-- Up-to-date: /Users/zafran/Applications/Gw/Iseng/roborobo/build/release/install/include/gmock/internal
-- Up-to-date: /Users/zafran/Applications/Gw/Iseng/roborobo/build/release/install/include/gmock/internal/gmock-port.h
-- Up-to-date: /Users/zafran/Applications/Gw/Iseng/roborobo/build/release/install/include/gmock/internal/gmock-internal-utils.h
-- Up-to-date: /Users/zafran/Applications/Gw/Iseng/roborobo/build/release/install/include/gmock/internal/gmock-generated-internal-utils.h
-- Up-to-date: /Users/zafran/Applications/Gw/Iseng/roborobo/build/release/install/include/gmock/internal/gmock-generated-internal-utils.h.pump
-- Up-to-date: /Users/zafran/Applications/Gw/Iseng/roborobo/build/release/install/include/gmock/internal/custom
-- Up-to-date: /Users/zafran/Applications/Gw/Iseng/roborobo/build/release/install/include/gmock/internal/custom/gmock-generated-actions.h.pump
-- Up-to-date: /Users/zafran/Applications/Gw/Iseng/roborobo/build/release/install/include/gmock/internal/custom/gmock-port.h
-- Up-to-date: /Users/zafran/Applications/Gw/Iseng/roborobo/build/release/install/include/gmock/internal/custom/gmock-matchers.h
-- Up-to-date: /Users/zafran/Applications/Gw/Iseng/roborobo/build/release/install/include/gmock/internal/custom/gmock-generated-actions.h
-- Up-to-date: /Users/zafran/Applications/Gw/Iseng/roborobo/build/release/install/include/gmock/internal/custom/README.md
-- Up-to-date: /Users/zafran/Applications/Gw/Iseng/roborobo/build/release/install/include/gmock/gmock-more-matchers.h
-- Up-to-date: /Users/zafran/Applications/Gw/Iseng/roborobo/build/release/install/include/gmock/gmock-generated-function-mockers.h
-- Up-to-date: /Users/zafran/Applications/Gw/Iseng/roborobo/build/release/install/include/gmock/gmock-cardinalities.h
-- Up-to-date: /Users/zafran/Applications/Gw/Iseng/roborobo/build/release/install/include/gmock/gmock-spec-builders.h
-- Up-to-date: /Users/zafran/Applications/Gw/Iseng/roborobo/build/release/install/include/gmock/gmock.h
-- Up-to-date: /Users/zafran/Applications/Gw/Iseng/roborobo/build/release/install/include/gmock/gmock-actions.h
-- Installing: /Users/zafran/Applications/Gw/Iseng/roborobo/build/release/install/lib/libgmock.a
-- Installing: /Users/zafran/Applications/Gw/Iseng/roborobo/build/release/install/lib/libgmock_main.a
-- Up-to-date: /Users/zafran/Applications/Gw/Iseng/roborobo/build/release/install/lib/pkgconfig/gmock.pc
-- Up-to-date: /Users/zafran/Applications/Gw/Iseng/roborobo/build/release/install/lib/pkgconfig/gmock_main.pc
-- Up-to-date: /Users/zafran/Applications/Gw/Iseng/roborobo/build/release/install/lib/cmake/GTest/GTestTargets.cmake
-- Up-to-date: /Users/zafran/Applications/Gw/Iseng/roborobo/build/release/install/lib/cmake/GTest/GTestTargets-release.cmake
-- Up-to-date: /Users/zafran/Applications/Gw/Iseng/roborobo/build/release/install/lib/cmake/GTest/GTestConfigVersion.cmake
-- Up-to-date: /Users/zafran/Applications/Gw/Iseng/roborobo/build/release/install/lib/cmake/GTest/GTestConfig.cmake
-- Up-to-date: /Users/zafran/Applications/Gw/Iseng/roborobo/build/release/install/include
-- Up-to-date: /Users/zafran/Applications/Gw/Iseng/roborobo/build/release/install/include/gtest
-- Up-to-date: /Users/zafran/Applications/Gw/Iseng/roborobo/build/release/install/include/gtest/gtest-death-test.h
-- Up-to-date: /Users/zafran/Applications/Gw/Iseng/roborobo/build/release/install/include/gtest/gtest-spi.h
-- Up-to-date: /Users/zafran/Applications/Gw/Iseng/roborobo/build/release/install/include/gtest/internal
-- Up-to-date: /Users/zafran/Applications/Gw/Iseng/roborobo/build/release/install/include/gtest/internal/gtest-linked_ptr.h
-- Up-to-date: /Users/zafran/Applications/Gw/Iseng/roborobo/build/release/install/include/gtest/internal/gtest-string.h
-- Up-to-date: /Users/zafran/Applications/Gw/Iseng/roborobo/build/release/install/include/gtest/internal/gtest-tuple.h.pump
-- Up-to-date: /Users/zafran/Applications/Gw/Iseng/roborobo/build/release/install/include/gtest/internal/gtest-death-test-internal.h
-- Up-to-date: /Users/zafran/Applications/Gw/Iseng/roborobo/build/release/install/include/gtest/internal/gtest-type-util.h.pump
-- Up-to-date: /Users/zafran/Applications/Gw/Iseng/roborobo/build/release/install/include/gtest/internal/gtest-port.h
-- Up-to-date: /Users/zafran/Applications/Gw/Iseng/roborobo/build/release/install/include/gtest/internal/gtest-port-arch.h
-- Up-to-date: /Users/zafran/Applications/Gw/Iseng/roborobo/build/release/install/include/gtest/internal/gtest-internal.h
-- Up-to-date: /Users/zafran/Applications/Gw/Iseng/roborobo/build/release/install/include/gtest/internal/gtest-param-util-generated.h
-- Up-to-date: /Users/zafran/Applications/Gw/Iseng/roborobo/build/release/install/include/gtest/internal/gtest-param-util.h
-- Up-to-date: /Users/zafran/Applications/Gw/Iseng/roborobo/build/release/install/include/gtest/internal/gtest-type-util.h
-- Up-to-date: /Users/zafran/Applications/Gw/Iseng/roborobo/build/release/install/include/gtest/internal/gtest-filepath.h
-- Up-to-date: /Users/zafran/Applications/Gw/Iseng/roborobo/build/release/install/include/gtest/internal/custom
-- Up-to-date: /Users/zafran/Applications/Gw/Iseng/roborobo/build/release/install/include/gtest/internal/custom/gtest-port.h
-- Up-to-date: /Users/zafran/Applications/Gw/Iseng/roborobo/build/release/install/include/gtest/internal/custom/README.md
-- Up-to-date: /Users/zafran/Applications/Gw/Iseng/roborobo/build/release/install/include/gtest/internal/custom/gtest.h
-- Up-to-date: /Users/zafran/Applications/Gw/Iseng/roborobo/build/release/install/include/gtest/internal/custom/gtest-printers.h
-- Up-to-date: /Users/zafran/Applications/Gw/Iseng/roborobo/build/release/install/include/gtest/internal/gtest-tuple.h
-- Up-to-date: /Users/zafran/Applications/Gw/Iseng/roborobo/build/release/install/include/gtest/internal/gtest-param-util-generated.h.pump
-- Up-to-date: /Users/zafran/Applications/Gw/Iseng/roborobo/build/release/install/include/gtest/gtest-message.h
-- Up-to-date: /Users/zafran/Applications/Gw/Iseng/roborobo/build/release/install/include/gtest/gtest-param-test.h
-- Up-to-date: /Users/zafran/Applications/Gw/Iseng/roborobo/build/release/install/include/gtest/gtest-typed-test.h
-- Up-to-date: /Users/zafran/Applications/Gw/Iseng/roborobo/build/release/install/include/gtest/gtest_pred_impl.h
-- Up-to-date: /Users/zafran/Applications/Gw/Iseng/roborobo/build/release/install/include/gtest/gtest_prod.h
-- Up-to-date: /Users/zafran/Applications/Gw/Iseng/roborobo/build/release/install/include/gtest/gtest-param-test.h.pump
-- Up-to-date: /Users/zafran/Applications/Gw/Iseng/roborobo/build/release/install/include/gtest/gtest-test-part.h
-- Up-to-date: /Users/zafran/Applications/Gw/Iseng/roborobo/build/release/install/include/gtest/gtest.h
-- Up-to-date: /Users/zafran/Applications/Gw/Iseng/roborobo/build/release/install/include/gtest/gtest-printers.h
-- Installing: /Users/zafran/Applications/Gw/Iseng/roborobo/build/release/install/lib/libgtest.a
-- Installing: /Users/zafran/Applications/Gw/Iseng/roborobo/build/release/install/lib/libgtest_main.a
-- Up-to-date: /Users/zafran/Applications/Gw/Iseng/roborobo/build/release/install/lib/pkgconfig/gtest.pc
-- Up-to-date: /Users/zafran/Applications/Gw/Iseng/roborobo/build/release/install/lib/pkgconfig/gtest_main.pc
-- Up-to-date: /Users/zafran/Applications/Gw/Iseng/roborobo/build/release/install/Romo.app/Contents/Resources/qt.conf
-- Up-to-date: /Users/zafran/Applications/Gw/Iseng/roborobo/build/release/install/Romo.app/Contents/Frameworks/lib/libssl.1.1.dylib
-- Up-to-date: /Users/zafran/Applications/Gw/Iseng/roborobo/build/release/install/Romo.app/Contents/Frameworks/lib/libcrypto.1.1.dylib
-- Up-to-date: /Users/zafran/Applications/Gw/Iseng/roborobo/build/release/install/./Romo.app
-- Up-to-date: /Users/zafran/Applications/Gw/Iseng/roborobo/build/release/install/./Romo.app/Contents
-- Up-to-date: /Users/zafran/Applications/Gw/Iseng/roborobo/build/release/install/./Romo.app/Contents/MacOS
-- Installing: /Users/zafran/Applications/Gw/Iseng/roborobo/build/release/install/./Romo.app/Contents/MacOS/Romo
-- Up-to-date: /Users/zafran/Applications/Gw/Iseng/roborobo/build/release/install/./Romo.app/Contents/Info.plist
-- Up-to-date: /Users/zafran/Applications/Gw/Iseng/roborobo/build/release/install/Romo.app/Contents/Resources/LICENSE
-- Up-to-date: /Users/zafran/Applications/Gw/Iseng/roborobo/build/release/install/Romo.app/Contents/Resources/COPYRIGHT
-- Up-to-date: /Users/zafran/Applications/Gw/Iseng/roborobo/build/release/install/Romo.app/Contents/Resources/CHANGELOG
-- Up-to-date: /Users/zafran/Applications/Gw/Iseng/roborobo/build/release/install/Romo.app/Contents/Resources/DESCRIPTION
-- Up-to-date: /Users/zafran/Applications/Gw/Iseng/roborobo/build/release/install/Romo.app/Contents/Frameworks/QtCore.framework
-- Up-to-date: /Users/zafran/Applications/Gw/Iseng/roborobo/build/release/install/Romo.app/Contents/Frameworks/QtCore.framework/Resources
-- Up-to-date: /Users/zafran/Applications/Gw/Iseng/roborobo/build/release/install/Romo.app/Contents/Frameworks/QtCore.framework/Versions
-- Up-to-date: /Users/zafran/Applications/Gw/Iseng/roborobo/build/release/install/Romo.app/Contents/Frameworks/QtCore.framework/Versions/Current
-- Up-to-date: /Users/zafran/Applications/Gw/Iseng/roborobo/build/release/install/Romo.app/Contents/Frameworks/QtCore.framework/Versions/5
-- Up-to-date: /Users/zafran/Applications/Gw/Iseng/roborobo/build/release/install/Romo.app/Contents/Frameworks/QtCore.framework/Versions/5/_CodeSignature
-- Up-to-date: /Users/zafran/Applications/Gw/Iseng/roborobo/build/release/install/Romo.app/Contents/Frameworks/QtCore.framework/Versions/5/_CodeSignature/CodeResources
-- Up-to-date: /Users/zafran/Applications/Gw/Iseng/roborobo/build/release/install/Romo.app/Contents/Frameworks/QtCore.framework/Versions/5/Resources
-- Up-to-date: /Users/zafran/Applications/Gw/Iseng/roborobo/build/release/install/Romo.app/Contents/Frameworks/QtCore.framework/Versions/5/Resources/QtCore.prl
-- Up-to-date: /Users/zafran/Applications/Gw/Iseng/roborobo/build/release/install/Romo.app/Contents/Frameworks/QtCore.framework/Versions/5/Resources/Info.plist
-- Up-to-date: /Users/zafran/Applications/Gw/Iseng/roborobo/build/release/install/Romo.app/Contents/Frameworks/QtCore.framework/Versions/5/QtCore
-- Up-to-date: /Users/zafran/Applications/Gw/Iseng/roborobo/build/release/install/Romo.app/Contents/Frameworks/QtCore.framework/QtCore
-- Up-to-date: /Users/zafran/Applications/Gw/Iseng/roborobo/build/release/install/Romo.app/Contents/Frameworks/QtGui.framework
-- Up-to-date: /Users/zafran/Applications/Gw/Iseng/roborobo/build/release/install/Romo.app/Contents/Frameworks/QtGui.framework/Resources
-- Up-to-date: /Users/zafran/Applications/Gw/Iseng/roborobo/build/release/install/Romo.app/Contents/Frameworks/QtGui.framework/Versions
-- Up-to-date: /Users/zafran/Applications/Gw/Iseng/roborobo/build/release/install/Romo.app/Contents/Frameworks/QtGui.framework/Versions/Current
-- Up-to-date: /Users/zafran/Applications/Gw/Iseng/roborobo/build/release/install/Romo.app/Contents/Frameworks/QtGui.framework/Versions/5
-- Up-to-date: /Users/zafran/Applications/Gw/Iseng/roborobo/build/release/install/Romo.app/Contents/Frameworks/QtGui.framework/Versions/5/_CodeSignature
-- Up-to-date: /Users/zafran/Applications/Gw/Iseng/roborobo/build/release/install/Romo.app/Contents/Frameworks/QtGui.framework/Versions/5/_CodeSignature/CodeResources
-- Up-to-date: /Users/zafran/Applications/Gw/Iseng/roborobo/build/release/install/Romo.app/Contents/Frameworks/QtGui.framework/Versions/5/Resources
-- Up-to-date: /Users/zafran/Applications/Gw/Iseng/roborobo/build/release/install/Romo.app/Contents/Frameworks/QtGui.framework/Versions/5/Resources/QtGui.prl
-- Up-to-date: /Users/zafran/Applications/Gw/Iseng/roborobo/build/release/install/Romo.app/Contents/Frameworks/QtGui.framework/Versions/5/Resources/Info.plist
-- Up-to-date: /Users/zafran/Applications/Gw/Iseng/roborobo/build/release/install/Romo.app/Contents/Frameworks/QtGui.framework/Versions/5/QtGui
-- Up-to-date: /Users/zafran/Applications/Gw/Iseng/roborobo/build/release/install/Romo.app/Contents/Frameworks/QtGui.framework/QtGui
-- Up-to-date: /Users/zafran/Applications/Gw/Iseng/roborobo/build/release/install/Romo.app/Contents/Frameworks/QtWidgets.framework
-- Up-to-date: /Users/zafran/Applications/Gw/Iseng/roborobo/build/release/install/Romo.app/Contents/Frameworks/QtWidgets.framework/Resources
-- Up-to-date: /Users/zafran/Applications/Gw/Iseng/roborobo/build/release/install/Romo.app/Contents/Frameworks/QtWidgets.framework/Versions
-- Up-to-date: /Users/zafran/Applications/Gw/Iseng/roborobo/build/release/install/Romo.app/Contents/Frameworks/QtWidgets.framework/Versions/Current
-- Up-to-date: /Users/zafran/Applications/Gw/Iseng/roborobo/build/release/install/Romo.app/Contents/Frameworks/QtWidgets.framework/Versions/5
-- Up-to-date: /Users/zafran/Applications/Gw/Iseng/roborobo/build/release/install/Romo.app/Contents/Frameworks/QtWidgets.framework/Versions/5/_CodeSignature
-- Up-to-date: /Users/zafran/Applications/Gw/Iseng/roborobo/build/release/install/Romo.app/Contents/Frameworks/QtWidgets.framework/Versions/5/_CodeSignature/CodeResources
-- Up-to-date: /Users/zafran/Applications/Gw/Iseng/roborobo/build/release/install/Romo.app/Contents/Frameworks/QtWidgets.framework/Versions/5/Resources
-- Up-to-date: /Users/zafran/Applications/Gw/Iseng/roborobo/build/release/install/Romo.app/Contents/Frameworks/QtWidgets.framework/Versions/5/Resources/QtWidgets.prl
-- Up-to-date: /Users/zafran/Applications/Gw/Iseng/roborobo/build/release/install/Romo.app/Contents/Frameworks/QtWidgets.framework/Versions/5/Resources/Info.plist
-- Up-to-date: /Users/zafran/Applications/Gw/Iseng/roborobo/build/release/install/Romo.app/Contents/Frameworks/QtWidgets.framework/Versions/5/QtWidgets
-- Up-to-date: /Users/zafran/Applications/Gw/Iseng/roborobo/build/release/install/Romo.app/Contents/Frameworks/QtWidgets.framework/QtWidgets
-- Up-to-date: /Users/zafran/Applications/Gw/Iseng/roborobo/build/release/install/Romo.app/Contents/Frameworks/QtPrintSupport.framework
-- Up-to-date: /Users/zafran/Applications/Gw/Iseng/roborobo/build/release/install/Romo.app/Contents/Frameworks/QtPrintSupport.framework/QtPrintSupport
-- Up-to-date: /Users/zafran/Applications/Gw/Iseng/roborobo/build/release/install/Romo.app/Contents/Frameworks/QtPrintSupport.framework/Resources
-- Up-to-date: /Users/zafran/Applications/Gw/Iseng/roborobo/build/release/install/Romo.app/Contents/Frameworks/QtPrintSupport.framework/Versions
-- Up-to-date: /Users/zafran/Applications/Gw/Iseng/roborobo/build/release/install/Romo.app/Contents/Frameworks/QtPrintSupport.framework/Versions/Current
-- Up-to-date: /Users/zafran/Applications/Gw/Iseng/roborobo/build/release/install/Romo.app/Contents/Frameworks/QtPrintSupport.framework/Versions/5
-- Up-to-date: /Users/zafran/Applications/Gw/Iseng/roborobo/build/release/install/Romo.app/Contents/Frameworks/QtPrintSupport.framework/Versions/5/_CodeSignature
-- Up-to-date: /Users/zafran/Applications/Gw/Iseng/roborobo/build/release/install/Romo.app/Contents/Frameworks/QtPrintSupport.framework/Versions/5/_CodeSignature/CodeResources
-- Up-to-date: /Users/zafran/Applications/Gw/Iseng/roborobo/build/release/install/Romo.app/Contents/Frameworks/QtPrintSupport.framework/Versions/5/QtPrintSupport
-- Up-to-date: /Users/zafran/Applications/Gw/Iseng/roborobo/build/release/install/Romo.app/Contents/Frameworks/QtPrintSupport.framework/Versions/5/Resources
-- Up-to-date: /Users/zafran/Applications/Gw/Iseng/roborobo/build/release/install/Romo.app/Contents/Frameworks/QtPrintSupport.framework/Versions/5/Resources/QtPrintSupport.prl
-- Up-to-date: /Users/zafran/Applications/Gw/Iseng/roborobo/build/release/install/Romo.app/Contents/Frameworks/QtPrintSupport.framework/Versions/5/Resources/Info.plist
-- Up-to-date: /Users/zafran/Applications/Gw/Iseng/roborobo/build/release/install/Romo.app/Contents/Frameworks/QtNetwork.framework
-- Up-to-date: /Users/zafran/Applications/Gw/Iseng/roborobo/build/release/install/Romo.app/Contents/Frameworks/QtNetwork.framework/QtNetwork
-- Up-to-date: /Users/zafran/Applications/Gw/Iseng/roborobo/build/release/install/Romo.app/Contents/Frameworks/QtNetwork.framework/Resources
-- Up-to-date: /Users/zafran/Applications/Gw/Iseng/roborobo/build/release/install/Romo.app/Contents/Frameworks/QtNetwork.framework/Versions
-- Up-to-date: /Users/zafran/Applications/Gw/Iseng/roborobo/build/release/install/Romo.app/Contents/Frameworks/QtNetwork.framework/Versions/Current
-- Up-to-date: /Users/zafran/Applications/Gw/Iseng/roborobo/build/release/install/Romo.app/Contents/Frameworks/QtNetwork.framework/Versions/5
-- Up-to-date: /Users/zafran/Applications/Gw/Iseng/roborobo/build/release/install/Romo.app/Contents/Frameworks/QtNetwork.framework/Versions/5/_CodeSignature
-- Up-to-date: /Users/zafran/Applications/Gw/Iseng/roborobo/build/release/install/Romo.app/Contents/Frameworks/QtNetwork.framework/Versions/5/_CodeSignature/CodeResources
-- Up-to-date: /Users/zafran/Applications/Gw/Iseng/roborobo/build/release/install/Romo.app/Contents/Frameworks/QtNetwork.framework/Versions/5/QtNetwork
-- Up-to-date: /Users/zafran/Applications/Gw/Iseng/roborobo/build/release/install/Romo.app/Contents/Frameworks/QtNetwork.framework/Versions/5/Resources
-- Up-to-date: /Users/zafran/Applications/Gw/Iseng/roborobo/build/release/install/Romo.app/Contents/Frameworks/QtNetwork.framework/Versions/5/Resources/QtNetwork.prl
-- Up-to-date: /Users/zafran/Applications/Gw/Iseng/roborobo/build/release/install/Romo.app/Contents/Frameworks/QtNetwork.framework/Versions/5/Resources/Info.plist
-- Up-to-date: /Users/zafran/Applications/Gw/Iseng/roborobo/build/release/install/Romo.app/Contents/Frameworks/QtXml.framework
-- Up-to-date: /Users/zafran/Applications/Gw/Iseng/roborobo/build/release/install/Romo.app/Contents/Frameworks/QtXml.framework/QtXml
-- Up-to-date: /Users/zafran/Applications/Gw/Iseng/roborobo/build/release/install/Romo.app/Contents/Frameworks/QtXml.framework/Resources
-- Up-to-date: /Users/zafran/Applications/Gw/Iseng/roborobo/build/release/install/Romo.app/Contents/Frameworks/QtXml.framework/Versions
-- Up-to-date: /Users/zafran/Applications/Gw/Iseng/roborobo/build/release/install/Romo.app/Contents/Frameworks/QtXml.framework/Versions/Current
-- Up-to-date: /Users/zafran/Applications/Gw/Iseng/roborobo/build/release/install/Romo.app/Contents/Frameworks/QtXml.framework/Versions/5
-- Up-to-date: /Users/zafran/Applications/Gw/Iseng/roborobo/build/release/install/Romo.app/Contents/Frameworks/QtXml.framework/Versions/5/_CodeSignature
-- Up-to-date: /Users/zafran/Applications/Gw/Iseng/roborobo/build/release/install/Romo.app/Contents/Frameworks/QtXml.framework/Versions/5/_CodeSignature/CodeResources
-- Up-to-date: /Users/zafran/Applications/Gw/Iseng/roborobo/build/release/install/Romo.app/Contents/Frameworks/QtXml.framework/Versions/5/QtXml
-- Up-to-date: /Users/zafran/Applications/Gw/Iseng/roborobo/build/release/install/Romo.app/Contents/Frameworks/QtXml.framework/Versions/5/Resources
-- Up-to-date: /Users/zafran/Applications/Gw/Iseng/roborobo/build/release/install/Romo.app/Contents/Frameworks/QtXml.framework/Versions/5/Resources/Info.plist
-- Up-to-date: /Users/zafran/Applications/Gw/Iseng/roborobo/build/release/install/Romo.app/Contents/Frameworks/QtXml.framework/Versions/5/Resources/QtXml.prl
-- Up-to-date: /Users/zafran/Applications/Gw/Iseng/roborobo/build/release/install/Romo.app/Contents/Frameworks/QtQuick.framework
-- Up-to-date: /Users/zafran/Applications/Gw/Iseng/roborobo/build/release/install/Romo.app/Contents/Frameworks/QtQuick.framework/Resources
-- Up-to-date: /Users/zafran/Applications/Gw/Iseng/roborobo/build/release/install/Romo.app/Contents/Frameworks/QtQuick.framework/Versions
-- Up-to-date: /Users/zafran/Applications/Gw/Iseng/roborobo/build/release/install/Romo.app/Contents/Frameworks/QtQuick.framework/Versions/Current
-- Up-to-date: /Users/zafran/Applications/Gw/Iseng/roborobo/build/release/install/Romo.app/Contents/Frameworks/QtQuick.framework/Versions/5
-- Up-to-date: /Users/zafran/Applications/Gw/Iseng/roborobo/build/release/install/Romo.app/Contents/Frameworks/QtQuick.framework/Versions/5/_CodeSignature
-- Up-to-date: /Users/zafran/Applications/Gw/Iseng/roborobo/build/release/install/Romo.app/Contents/Frameworks/QtQuick.framework/Versions/5/_CodeSignature/CodeResources
-- Up-to-date: /Users/zafran/Applications/Gw/Iseng/roborobo/build/release/install/Romo.app/Contents/Frameworks/QtQuick.framework/Versions/5/Resources
-- Up-to-date: /Users/zafran/Applications/Gw/Iseng/roborobo/build/release/install/Romo.app/Contents/Frameworks/QtQuick.framework/Versions/5/Resources/Info.plist
-- Up-to-date: /Users/zafran/Applications/Gw/Iseng/roborobo/build/release/install/Romo.app/Contents/Frameworks/QtQuick.framework/Versions/5/Resources/QtQuick.prl
-- Up-to-date: /Users/zafran/Applications/Gw/Iseng/roborobo/build/release/install/Romo.app/Contents/Frameworks/QtQuick.framework/Versions/5/QtQuick
-- Up-to-date: /Users/zafran/Applications/Gw/Iseng/roborobo/build/release/install/Romo.app/Contents/Frameworks/QtQuick.framework/QtQuick
-- Up-to-date: /Users/zafran/Applications/Gw/Iseng/roborobo/build/release/install/Romo.app/Contents/Frameworks/QtQuickWidgets.framework
-- Up-to-date: /Users/zafran/Applications/Gw/Iseng/roborobo/build/release/install/Romo.app/Contents/Frameworks/QtQuickWidgets.framework/Resources
-- Up-to-date: /Users/zafran/Applications/Gw/Iseng/roborobo/build/release/install/Romo.app/Contents/Frameworks/QtQuickWidgets.framework/Versions
-- Up-to-date: /Users/zafran/Applications/Gw/Iseng/roborobo/build/release/install/Romo.app/Contents/Frameworks/QtQuickWidgets.framework/Versions/Current
-- Up-to-date: /Users/zafran/Applications/Gw/Iseng/roborobo/build/release/install/Romo.app/Contents/Frameworks/QtQuickWidgets.framework/Versions/5
-- Up-to-date: /Users/zafran/Applications/Gw/Iseng/roborobo/build/release/install/Romo.app/Contents/Frameworks/QtQuickWidgets.framework/Versions/5/_CodeSignature
-- Up-to-date: /Users/zafran/Applications/Gw/Iseng/roborobo/build/release/install/Romo.app/Contents/Frameworks/QtQuickWidgets.framework/Versions/5/_CodeSignature/CodeResources
-- Up-to-date: /Users/zafran/Applications/Gw/Iseng/roborobo/build/release/install/Romo.app/Contents/Frameworks/QtQuickWidgets.framework/Versions/5/Resources
-- Up-to-date: /Users/zafran/Applications/Gw/Iseng/roborobo/build/release/install/Romo.app/Contents/Frameworks/QtQuickWidgets.framework/Versions/5/Resources/Info.plist
-- Up-to-date: /Users/zafran/Applications/Gw/Iseng/roborobo/build/release/install/Romo.app/Contents/Frameworks/QtQuickWidgets.framework/Versions/5/Resources/QtQuickWidgets.prl
-- Up-to-date: /Users/zafran/Applications/Gw/Iseng/roborobo/build/release/install/Romo.app/Contents/Frameworks/QtQuickWidgets.framework/Versions/5/QtQuickWidgets
-- Up-to-date: /Users/zafran/Applications/Gw/Iseng/roborobo/build/release/install/Romo.app/Contents/Frameworks/QtQuickWidgets.framework/QtQuickWidgets
-- Up-to-date: /Users/zafran/Applications/Gw/Iseng/roborobo/build/release/install/Romo.app/Contents/Frameworks/QtWebChannel.framework
-- Up-to-date: /Users/zafran/Applications/Gw/Iseng/roborobo/build/release/install/Romo.app/Contents/Frameworks/QtWebChannel.framework/Resources
-- Up-to-date: /Users/zafran/Applications/Gw/Iseng/roborobo/build/release/install/Romo.app/Contents/Frameworks/QtWebChannel.framework/Versions
-- Up-to-date: /Users/zafran/Applications/Gw/Iseng/roborobo/build/release/install/Romo.app/Contents/Frameworks/QtWebChannel.framework/Versions/Current
-- Up-to-date: /Users/zafran/Applications/Gw/Iseng/roborobo/build/release/install/Romo.app/Contents/Frameworks/QtWebChannel.framework/Versions/5
-- Up-to-date: /Users/zafran/Applications/Gw/Iseng/roborobo/build/release/install/Romo.app/Contents/Frameworks/QtWebChannel.framework/Versions/5/_CodeSignature
-- Up-to-date: /Users/zafran/Applications/Gw/Iseng/roborobo/build/release/install/Romo.app/Contents/Frameworks/QtWebChannel.framework/Versions/5/_CodeSignature/CodeResources
-- Up-to-date: /Users/zafran/Applications/Gw/Iseng/roborobo/build/release/install/Romo.app/Contents/Frameworks/QtWebChannel.framework/Versions/5/Resources
-- Up-to-date: /Users/zafran/Applications/Gw/Iseng/roborobo/build/release/install/Romo.app/Contents/Frameworks/QtWebChannel.framework/Versions/5/Resources/QtWebChannel.prl
-- Up-to-date: /Users/zafran/Applications/Gw/Iseng/roborobo/build/release/install/Romo.app/Contents/Frameworks/QtWebChannel.framework/Versions/5/Resources/Info.plist
-- Up-to-date: /Users/zafran/Applications/Gw/Iseng/roborobo/build/release/install/Romo.app/Contents/Frameworks/QtWebChannel.framework/Versions/5/QtWebChannel
-- Up-to-date: /Users/zafran/Applications/Gw/Iseng/roborobo/build/release/install/Romo.app/Contents/Frameworks/QtWebChannel.framework/QtWebChannel
-- Up-to-date: /Users/zafran/Applications/Gw/Iseng/roborobo/build/release/install/Romo.app/Contents/Frameworks/QtQml.framework
-- Up-to-date: /Users/zafran/Applications/Gw/Iseng/roborobo/build/release/install/Romo.app/Contents/Frameworks/QtQml.framework/QtQml
-- Up-to-date: /Users/zafran/Applications/Gw/Iseng/roborobo/build/release/install/Romo.app/Contents/Frameworks/QtQml.framework/Resources
-- Up-to-date: /Users/zafran/Applications/Gw/Iseng/roborobo/build/release/install/Romo.app/Contents/Frameworks/QtQml.framework/Versions
-- Up-to-date: /Users/zafran/Applications/Gw/Iseng/roborobo/build/release/install/Romo.app/Contents/Frameworks/QtQml.framework/Versions/Current
-- Up-to-date: /Users/zafran/Applications/Gw/Iseng/roborobo/build/release/install/Romo.app/Contents/Frameworks/QtQml.framework/Versions/5
-- Up-to-date: /Users/zafran/Applications/Gw/Iseng/roborobo/build/release/install/Romo.app/Contents/Frameworks/QtQml.framework/Versions/5/_CodeSignature
-- Up-to-date: /Users/zafran/Applications/Gw/Iseng/roborobo/build/release/install/Romo.app/Contents/Frameworks/QtQml.framework/Versions/5/_CodeSignature/CodeResources
-- Up-to-date: /Users/zafran/Applications/Gw/Iseng/roborobo/build/release/install/Romo.app/Contents/Frameworks/QtQml.framework/Versions/5/QtQml
-- Up-to-date: /Users/zafran/Applications/Gw/Iseng/roborobo/build/release/install/Romo.app/Contents/Frameworks/QtQml.framework/Versions/5/Resources
-- Up-to-date: /Users/zafran/Applications/Gw/Iseng/roborobo/build/release/install/Romo.app/Contents/Frameworks/QtQml.framework/Versions/5/Resources/QtQml.prl
-- Up-to-date: /Users/zafran/Applications/Gw/Iseng/roborobo/build/release/install/Romo.app/Contents/Frameworks/QtQml.framework/Versions/5/Resources/Info.plist
-- Up-to-date: /Users/zafran/Applications/Gw/Iseng/roborobo/build/release/install/Romo.app/Contents/Frameworks/QtPositioning.framework
-- Up-to-date: /Users/zafran/Applications/Gw/Iseng/roborobo/build/release/install/Romo.app/Contents/Frameworks/QtPositioning.framework/Resources
-- Up-to-date: /Users/zafran/Applications/Gw/Iseng/roborobo/build/release/install/Romo.app/Contents/Frameworks/QtPositioning.framework/Versions
-- Up-to-date: /Users/zafran/Applications/Gw/Iseng/roborobo/build/release/install/Romo.app/Contents/Frameworks/QtPositioning.framework/Versions/Current
-- Up-to-date: /Users/zafran/Applications/Gw/Iseng/roborobo/build/release/install/Romo.app/Contents/Frameworks/QtPositioning.framework/Versions/5
-- Up-to-date: /Users/zafran/Applications/Gw/Iseng/roborobo/build/release/install/Romo.app/Contents/Frameworks/QtPositioning.framework/Versions/5/_CodeSignature
-- Up-to-date: /Users/zafran/Applications/Gw/Iseng/roborobo/build/release/install/Romo.app/Contents/Frameworks/QtPositioning.framework/Versions/5/_CodeSignature/CodeResources
-- Up-to-date: /Users/zafran/Applications/Gw/Iseng/roborobo/build/release/install/Romo.app/Contents/Frameworks/QtPositioning.framework/Versions/5/Resources
-- Up-to-date: /Users/zafran/Applications/Gw/Iseng/roborobo/build/release/install/Romo.app/Contents/Frameworks/QtPositioning.framework/Versions/5/Resources/QtPositioning.prl
-- Up-to-date: /Users/zafran/Applications/Gw/Iseng/roborobo/build/release/install/Romo.app/Contents/Frameworks/QtPositioning.framework/Versions/5/Resources/Info.plist
-- Up-to-date: /Users/zafran/Applications/Gw/Iseng/roborobo/build/release/install/Romo.app/Contents/Frameworks/QtPositioning.framework/Versions/5/QtPositioning
-- Up-to-date: /Users/zafran/Applications/Gw/Iseng/roborobo/build/release/install/Romo.app/Contents/Frameworks/QtPositioning.framework/QtPositioning
-- Up-to-date: /Users/zafran/Applications/Gw/Iseng/roborobo/build/release/install/Romo.app/Contents/PlugIns/Qt/imageformats/libqgif.dylib
-- Up-to-date: /Users/zafran/Applications/Gw/Iseng/roborobo/build/release/install/Romo.app/Contents/PlugIns/Qt/imageformats/libqico.dylib
-- Up-to-date: /Users/zafran/Applications/Gw/Iseng/roborobo/build/release/install/Romo.app/Contents/Frameworks/QtMacExtras.framework
-- Up-to-date: /Users/zafran/Applications/Gw/Iseng/roborobo/build/release/install/Romo.app/Contents/Frameworks/QtMacExtras.framework/QtMacExtras
-- Up-to-date: /Users/zafran/Applications/Gw/Iseng/roborobo/build/release/install/Romo.app/Contents/Frameworks/QtMacExtras.framework/Resources
-- Up-to-date: /Users/zafran/Applications/Gw/Iseng/roborobo/build/release/install/Romo.app/Contents/Frameworks/QtMacExtras.framework/Versions
-- Up-to-date: /Users/zafran/Applications/Gw/Iseng/roborobo/build/release/install/Romo.app/Contents/Frameworks/QtMacExtras.framework/Versions/Current
-- Up-to-date: /Users/zafran/Applications/Gw/Iseng/roborobo/build/release/install/Romo.app/Contents/Frameworks/QtMacExtras.framework/Versions/5
-- Up-to-date: /Users/zafran/Applications/Gw/Iseng/roborobo/build/release/install/Romo.app/Contents/Frameworks/QtMacExtras.framework/Versions/5/_CodeSignature
-- Up-to-date: /Users/zafran/Applications/Gw/Iseng/roborobo/build/release/install/Romo.app/Contents/Frameworks/QtMacExtras.framework/Versions/5/_CodeSignature/CodeResources
-- Up-to-date: /Users/zafran/Applications/Gw/Iseng/roborobo/build/release/install/Romo.app/Contents/Frameworks/QtMacExtras.framework/Versions/5/QtMacExtras
-- Up-to-date: /Users/zafran/Applications/Gw/Iseng/roborobo/build/release/install/Romo.app/Contents/Frameworks/QtMacExtras.framework/Versions/5/Resources
-- Up-to-date: /Users/zafran/Applications/Gw/Iseng/roborobo/build/release/install/Romo.app/Contents/Frameworks/QtMacExtras.framework/Versions/5/Resources/QtMacExtras.prl
-- Up-to-date: /Users/zafran/Applications/Gw/Iseng/roborobo/build/release/install/Romo.app/Contents/Frameworks/QtMacExtras.framework/Versions/5/Resources/Info.plist
-- Up-to-date: /Users/zafran/Applications/Gw/Iseng/roborobo/build/release/install/Romo.app/Contents/Frameworks/QtDBus.framework
-- Up-to-date: /Users/zafran/Applications/Gw/Iseng/roborobo/build/release/install/Romo.app/Contents/Frameworks/QtDBus.framework/Resources
-- Up-to-date: /Users/zafran/Applications/Gw/Iseng/roborobo/build/release/install/Romo.app/Contents/Frameworks/QtDBus.framework/Versions
-- Up-to-date: /Users/zafran/Applications/Gw/Iseng/roborobo/build/release/install/Romo.app/Contents/Frameworks/QtDBus.framework/Versions/Current
-- Up-to-date: /Users/zafran/Applications/Gw/Iseng/roborobo/build/release/install/Romo.app/Contents/Frameworks/QtDBus.framework/Versions/5
-- Up-to-date: /Users/zafran/Applications/Gw/Iseng/roborobo/build/release/install/Romo.app/Contents/Frameworks/QtDBus.framework/Versions/5/_CodeSignature
-- Up-to-date: /Users/zafran/Applications/Gw/Iseng/roborobo/build/release/install/Romo.app/Contents/Frameworks/QtDBus.framework/Versions/5/_CodeSignature/CodeResources
-- Up-to-date: /Users/zafran/Applications/Gw/Iseng/roborobo/build/release/install/Romo.app/Contents/Frameworks/QtDBus.framework/Versions/5/Resources
-- Up-to-date: /Users/zafran/Applications/Gw/Iseng/roborobo/build/release/install/Romo.app/Contents/Frameworks/QtDBus.framework/Versions/5/Resources/QtDBus.prl
-- Up-to-date: /Users/zafran/Applications/Gw/Iseng/roborobo/build/release/install/Romo.app/Contents/Frameworks/QtDBus.framework/Versions/5/Resources/Info.plist
-- Up-to-date: /Users/zafran/Applications/Gw/Iseng/roborobo/build/release/install/Romo.app/Contents/Frameworks/QtDBus.framework/Versions/5/QtDBus
-- Up-to-date: /Users/zafran/Applications/Gw/Iseng/roborobo/build/release/install/Romo.app/Contents/Frameworks/QtDBus.framework/QtDBus
-- Up-to-date: /Users/zafran/Applications/Gw/Iseng/roborobo/build/release/install/Romo.app/Contents/PlugIns/Qt/platforms/libqcocoa.dylib
-- Up-to-date: /Users/zafran/Applications/Gw/Iseng/roborobo/build/release/install/Romo.app/Contents/PlugIns/Qt/platforms/libqminimal.dylib
-- Up-to-date: /Users/zafran/Applications/Gw/Iseng/roborobo/build/release/install/Romo.app/Contents/PlugIns/Qt/platforms/libqoffscreen.dylib
-- Up-to-date: /Users/zafran/Applications/Gw/Iseng/roborobo/build/release/install/Romo.app/Contents/Resources/robomongo.icns
-- Up-to-date: /Users/zafran/Applications/Gw/Iseng/roborobo/build/release/install/Romo.app/Contents/MacOS/styles/libqmacstyle.dylib
/Users/zafran/Applications/Gw/Iseng/roborobo/build/release/install/Romo.app/Contents/Frameworks/libcrypto.1.1.dylib: replacing existing signature
/Users/zafran/Applications/Gw/Iseng/roborobo/build/release/install/Romo.app/Contents/Frameworks/libssl.1.1.dylib: replacing existing signature
/Users/zafran/Applications/Gw/Iseng/roborobo/build/release/install/Romo.app/Contents/MacOS/Romo: replacing existing signature
